// Jest Snapshot v1, https://goo.gl/fbAQLP

exports[`Header renders correctly 1`] = `
<DocumentFragment>
  <div
    class="header"
  >
    <img
      alt="Nasa Logo"
      class="header_nasa-logo"
      src="nasa.jpg"
      width="500px"
    />
  </div>
</DocumentFragment>
`;
